// Validating benchmarks:
// ***** BenchmarkRunner: Start   *****
// ***** Found 18 benchmark(s) in total *****
// ***** Building 1 exe(s) in Parallel: Start   *****
// start dotnet  restore /p:UseSharedCompilation=false /p:BuildInParallel=false /m:1 /p:Deterministic=true /p:Optimize=true /p:IntermediateOutputPath="C:\Users\maxli\ConsoleEngine\src\ConsoleEngine.Benchmarks\bin\Release\net8.0\913e12f9-05a9-42a1-b976-db90e1bd41c4\obj\Release\net8.0/" /p:OutDir="C:\Users\maxli\ConsoleEngine\src\ConsoleEngine.Benchmarks\bin\Release\net8.0\913e12f9-05a9-42a1-b976-db90e1bd41c4\bin\Release\net8.0/" /p:OutputPath="C:\Users\maxli\ConsoleEngine\src\ConsoleEngine.Benchmarks\bin\Release\net8.0\913e12f9-05a9-42a1-b976-db90e1bd41c4\bin\Release\net8.0/" in C:\Users\maxli\ConsoleEngine\src\ConsoleEngine.Benchmarks\bin\Release\net8.0\913e12f9-05a9-42a1-b976-db90e1bd41c4
// command took 1.58 sec and exited with 0
// start dotnet  build -c Release --no-restore /p:UseSharedCompilation=false /p:BuildInParallel=false /m:1 /p:Deterministic=true /p:Optimize=true /p:IntermediateOutputPath="C:\Users\maxli\ConsoleEngine\src\ConsoleEngine.Benchmarks\bin\Release\net8.0\913e12f9-05a9-42a1-b976-db90e1bd41c4\obj\Release\net8.0/" /p:OutDir="C:\Users\maxli\ConsoleEngine\src\ConsoleEngine.Benchmarks\bin\Release\net8.0\913e12f9-05a9-42a1-b976-db90e1bd41c4\bin\Release\net8.0/" /p:OutputPath="C:\Users\maxli\ConsoleEngine\src\ConsoleEngine.Benchmarks\bin\Release\net8.0\913e12f9-05a9-42a1-b976-db90e1bd41c4\bin\Release\net8.0/" --output "C:\Users\maxli\ConsoleEngine\src\ConsoleEngine.Benchmarks\bin\Release\net8.0\913e12f9-05a9-42a1-b976-db90e1bd41c4\bin\Release\net8.0/" in C:\Users\maxli\ConsoleEngine\src\ConsoleEngine.Benchmarks\bin\Release\net8.0\913e12f9-05a9-42a1-b976-db90e1bd41c4
// command took 26.01 sec and exited with 0
// ***** Done, took 00:00:27 (27.71 sec)   *****
// Found 18 benchmarks:
//   PixelArtRendererBenchmarks.ToAnsiString_FromGrid: .NET 8.0(Runtime=.NET 8.0) [SpriteSize=32]
//   PixelArtRendererBenchmarks.ToAnsiString_HalfTransparent: .NET 8.0(Runtime=.NET 8.0) [SpriteSize=32]
//   PixelArtRendererBenchmarks.BuildSprite: .NET 8.0(Runtime=.NET 8.0) [SpriteSize=32]
//   PixelArtRendererBenchmarks.ToAnsiString_FromGrid: .NET 8.0(Runtime=.NET 8.0) [SpriteSize=64]
//   PixelArtRendererBenchmarks.ToAnsiString_HalfTransparent: .NET 8.0(Runtime=.NET 8.0) [SpriteSize=64]
//   PixelArtRendererBenchmarks.BuildSprite: .NET 8.0(Runtime=.NET 8.0) [SpriteSize=64]
//   PixelArtRendererBenchmarks.ToAnsiString_FromGrid: .NET 8.0(Runtime=.NET 8.0) [SpriteSize=128]
//   PixelArtRendererBenchmarks.ToAnsiString_HalfTransparent: .NET 8.0(Runtime=.NET 8.0) [SpriteSize=128]
//   PixelArtRendererBenchmarks.BuildSprite: .NET 8.0(Runtime=.NET 8.0) [SpriteSize=128]
//   PixelArtRendererBenchmarks.ToAnsiString_FromGrid: .NET 8.0(Runtime=.NET 8.0) [SpriteSize=256]
//   PixelArtRendererBenchmarks.ToAnsiString_HalfTransparent: .NET 8.0(Runtime=.NET 8.0) [SpriteSize=256]
//   PixelArtRendererBenchmarks.BuildSprite: .NET 8.0(Runtime=.NET 8.0) [SpriteSize=256]
//   PixelArtRendererBenchmarks.ToAnsiString_FromGrid: .NET 8.0(Runtime=.NET 8.0) [SpriteSize=512]
//   PixelArtRendererBenchmarks.ToAnsiString_HalfTransparent: .NET 8.0(Runtime=.NET 8.0) [SpriteSize=512]
//   PixelArtRendererBenchmarks.BuildSprite: .NET 8.0(Runtime=.NET 8.0) [SpriteSize=512]
//   PixelArtRendererBenchmarks.ToAnsiString_FromGrid: .NET 8.0(Runtime=.NET 8.0) [SpriteSize=1024]
//   PixelArtRendererBenchmarks.ToAnsiString_HalfTransparent: .NET 8.0(Runtime=.NET 8.0) [SpriteSize=1024]
//   PixelArtRendererBenchmarks.BuildSprite: .NET 8.0(Runtime=.NET 8.0) [SpriteSize=1024]

Setup power plan (GUID: 8c5e7fda-e8bf-4a96-9a85-a6e23a8c635c FriendlyName: Alto rendimiento)
// **************************
// Benchmark: PixelArtRendererBenchmarks.ToAnsiString_FromGrid: .NET 8.0(Runtime=.NET 8.0) [SpriteSize=32]
// *** Execute ***
// Launch: 1 / 1
// Execute: dotnet 913e12f9-05a9-42a1-b976-db90e1bd41c4.dll --anonymousPipes 1964 1976 --benchmarkName "ConsoleEngine.Benchmarks.PixelArtRendererBenchmarks.ToAnsiString_FromGrid(SpriteSize: 32)" --job ".NET 8.0" --benchmarkId 0 in C:\Users\maxli\ConsoleEngine\src\ConsoleEngine.Benchmarks\bin\Release\net8.0\913e12f9-05a9-42a1-b976-db90e1bd41c4\bin\Release\net8.0
// BeforeAnythingElse

// Benchmark Process Environment Information:
// BenchmarkDotNet v0.14.0
// Runtime=.NET 8.0.22 (8.0.2225.52707), X64 RyuJIT AVX2
// GC=Concurrent Workstation
// HardwareIntrinsics=AVX2,AES,BMI1,BMI2,FMA,LZCNT,PCLMUL,POPCNT,AvxVnni,SERIALIZE VectorSize=256
// Job: .NET 8.0

OverheadJitting  1: 1 op, 159900.00 ns, 159.9000 us/op
WorkloadJitting  1: 1 op, 1018600.00 ns, 1.0186 ms/op

OverheadJitting  2: 16 op, 237600.00 ns, 14.8500 us/op
WorkloadJitting  2: 16 op, 2743000.00 ns, 171.4375 us/op

WorkloadPilot    1: 16 op, 1843100.00 ns, 115.1938 us/op
WorkloadPilot    2: 32 op, 2992000.00 ns, 93.5000 us/op
WorkloadPilot    3: 64 op, 6470300.00 ns, 101.0984 us/op
WorkloadPilot    4: 128 op, 11129900.00 ns, 86.9523 us/op
WorkloadPilot    5: 256 op, 17703100.00 ns, 69.1527 us/op
WorkloadPilot    6: 512 op, 33901900.00 ns, 66.2146 us/op
WorkloadPilot    7: 1024 op, 70582500.00 ns, 68.9282 us/op
WorkloadPilot    8: 2048 op, 135946900.00 ns, 66.3803 us/op
WorkloadPilot    9: 4096 op, 52959500.00 ns, 12.9296 us/op
WorkloadPilot   10: 8192 op, 102455500.00 ns, 12.5068 us/op
WorkloadPilot   11: 16384 op, 205545600.00 ns, 12.5455 us/op
WorkloadPilot   12: 32768 op, 431022100.00 ns, 13.1538 us/op
WorkloadPilot   13: 65536 op, 835574200.00 ns, 12.7499 us/op

OverheadWarmup   1: 65536 op, 129800.00 ns, 1.9806 ns/op
OverheadWarmup   2: 65536 op, 128300.00 ns, 1.9577 ns/op
OverheadWarmup   3: 65536 op, 128000.00 ns, 1.9531 ns/op
OverheadWarmup   4: 65536 op, 128500.00 ns, 1.9608 ns/op
OverheadWarmup   5: 65536 op, 128200.00 ns, 1.9562 ns/op
OverheadWarmup   6: 65536 op, 128100.00 ns, 1.9547 ns/op
OverheadWarmup   7: 65536 op, 127800.00 ns, 1.9501 ns/op
OverheadWarmup   8: 65536 op, 127700.00 ns, 1.9485 ns/op
OverheadWarmup   9: 65536 op, 127800.00 ns, 1.9501 ns/op
OverheadWarmup  10: 65536 op, 127900.00 ns, 1.9516 ns/op

OverheadActual   1: 65536 op, 128400.00 ns, 1.9592 ns/op
OverheadActual   2: 65536 op, 128600.00 ns, 1.9623 ns/op
OverheadActual   3: 65536 op, 128700.00 ns, 1.9638 ns/op
OverheadActual   4: 65536 op, 128200.00 ns, 1.9562 ns/op
OverheadActual   5: 65536 op, 128300.00 ns, 1.9577 ns/op
OverheadActual   6: 65536 op, 128100.00 ns, 1.9547 ns/op
OverheadActual   7: 65536 op, 127900.00 ns, 1.9516 ns/op
OverheadActual   8: 65536 op, 128000.00 ns, 1.9531 ns/op
OverheadActual   9: 65536 op, 128000.00 ns, 1.9531 ns/op
OverheadActual  10: 65536 op, 128100.00 ns, 1.9547 ns/op
OverheadActual  11: 65536 op, 131200.00 ns, 2.0020 ns/op
OverheadActual  12: 65536 op, 127900.00 ns, 1.9516 ns/op
OverheadActual  13: 65536 op, 127800.00 ns, 1.9501 ns/op
OverheadActual  14: 65536 op, 128100.00 ns, 1.9547 ns/op
OverheadActual  15: 65536 op, 128200.00 ns, 1.9562 ns/op

WorkloadWarmup   1: 65536 op, 840235600.00 ns, 12.8210 us/op
WorkloadWarmup   2: 65536 op, 1409929300.00 ns, 21.5138 us/op
WorkloadWarmup   3: 65536 op, 1194441800.00 ns, 18.2257 us/op
WorkloadWarmup   4: 65536 op, 1570629800.00 ns, 23.9659 us/op
WorkloadWarmup   5: 65536 op, 1242219800.00 ns, 18.9548 us/op
WorkloadWarmup   6: 65536 op, 1168558800.00 ns, 17.8308 us/op

// BeforeActualRun
WorkloadActual   1: 65536 op, 1101627100.00 ns, 16.8095 us/op
WorkloadActual   2: 65536 op, 1087058900.00 ns, 16.5872 us/op
WorkloadActual   3: 65536 op, 1070773600.00 ns, 16.3387 us/op
WorkloadActual   4: 65536 op, 1267011500.00 ns, 19.3331 us/op
WorkloadActual   5: 65536 op, 1168200600.00 ns, 17.8253 us/op
WorkloadActual   6: 65536 op, 1204490200.00 ns, 18.3791 us/op
WorkloadActual   7: 65536 op, 1439147800.00 ns, 21.9597 us/op
WorkloadActual   8: 65536 op, 1214006100.00 ns, 18.5243 us/op
WorkloadActual   9: 65536 op, 1178089100.00 ns, 17.9762 us/op
WorkloadActual  10: 65536 op, 1336425700.00 ns, 20.3922 us/op
WorkloadActual  11: 65536 op, 1174278000.00 ns, 17.9181 us/op
WorkloadActual  12: 65536 op, 1125190300.00 ns, 17.1690 us/op
WorkloadActual  13: 65536 op, 1372919200.00 ns, 20.9491 us/op
WorkloadActual  14: 65536 op, 1120397000.00 ns, 17.0959 us/op
WorkloadActual  15: 65536 op, 1130600500.00 ns, 17.2516 us/op
WorkloadActual  16: 65536 op, 1455999800.00 ns, 22.2168 us/op
WorkloadActual  17: 65536 op, 1213284100.00 ns, 18.5132 us/op
WorkloadActual  18: 65536 op, 1041035100.00 ns, 15.8849 us/op
WorkloadActual  19: 65536 op, 1028917900.00 ns, 15.7000 us/op
WorkloadActual  20: 65536 op, 1019120200.00 ns, 15.5505 us/op
WorkloadActual  21: 65536 op, 1026050900.00 ns, 15.6563 us/op
WorkloadActual  22: 65536 op, 1026053900.00 ns, 15.6563 us/op
WorkloadActual  23: 65536 op, 1041977100.00 ns, 15.8993 us/op
WorkloadActual  24: 65536 op, 1115708600.00 ns, 17.0244 us/op
WorkloadActual  25: 65536 op, 1118397400.00 ns, 17.0654 us/op
WorkloadActual  26: 65536 op, 1084048200.00 ns, 16.5413 us/op
WorkloadActual  27: 65536 op, 1030212600.00 ns, 15.7198 us/op
WorkloadActual  28: 65536 op, 1020860500.00 ns, 15.5771 us/op
WorkloadActual  29: 65536 op, 1037154500.00 ns, 15.8257 us/op
WorkloadActual  30: 65536 op, 1044352500.00 ns, 15.9356 us/op
WorkloadActual  31: 65536 op, 1049781100.00 ns, 16.0184 us/op
WorkloadActual  32: 65536 op, 1037814200.00 ns, 15.8358 us/op
WorkloadActual  33: 65536 op, 1174003000.00 ns, 17.9139 us/op
WorkloadActual  34: 65536 op, 1513646800.00 ns, 23.0964 us/op
WorkloadActual  35: 65536 op, 1518664800.00 ns, 23.1730 us/op
WorkloadActual  36: 65536 op, 1503985100.00 ns, 22.9490 us/op
WorkloadActual  37: 65536 op, 1525565600.00 ns, 23.2783 us/op
WorkloadActual  38: 65536 op, 1541867200.00 ns, 23.5270 us/op
WorkloadActual  39: 65536 op, 1396113800.00 ns, 21.3030 us/op
WorkloadActual  40: 65536 op, 1499470100.00 ns, 22.8801 us/op
WorkloadActual  41: 65536 op, 1508440100.00 ns, 23.0170 us/op
WorkloadActual  42: 65536 op, 1503135700.00 ns, 22.9360 us/op
WorkloadActual  43: 65536 op, 1507395100.00 ns, 23.0010 us/op
WorkloadActual  44: 65536 op, 1438361600.00 ns, 21.9477 us/op
WorkloadActual  45: 65536 op, 1562941500.00 ns, 23.8486 us/op
WorkloadActual  46: 65536 op, 1491359700.00 ns, 22.7563 us/op
WorkloadActual  47: 65536 op, 1549753700.00 ns, 23.6474 us/op
WorkloadActual  48: 65536 op, 1417803900.00 ns, 21.6340 us/op
WorkloadActual  49: 65536 op, 1529915500.00 ns, 23.3447 us/op
WorkloadActual  50: 65536 op, 1459586000.00 ns, 22.2715 us/op
WorkloadActual  51: 65536 op, 1375474000.00 ns, 20.9881 us/op
WorkloadActual  52: 65536 op, 1546181300.00 ns, 23.5929 us/op
WorkloadActual  53: 65536 op, 1460175800.00 ns, 22.2805 us/op
WorkloadActual  54: 65536 op, 1509879800.00 ns, 23.0389 us/op
WorkloadActual  55: 65536 op, 1475987200.00 ns, 22.5218 us/op
WorkloadActual  56: 65536 op, 1536423800.00 ns, 23.4440 us/op
WorkloadActual  57: 65536 op, 1515459500.00 ns, 23.1241 us/op
WorkloadActual  58: 65536 op, 1490254400.00 ns, 22.7395 us/op
WorkloadActual  59: 65536 op, 1489400800.00 ns, 22.7265 us/op
WorkloadActual  60: 65536 op, 1493711700.00 ns, 22.7922 us/op
WorkloadActual  61: 65536 op, 1510140400.00 ns, 23.0429 us/op
WorkloadActual  62: 65536 op, 1483571700.00 ns, 22.6375 us/op
WorkloadActual  63: 65536 op, 1391480000.00 ns, 21.2323 us/op
WorkloadActual  64: 65536 op, 1514274600.00 ns, 23.1060 us/op
WorkloadActual  65: 65536 op, 1043822600.00 ns, 15.9275 us/op
WorkloadActual  66: 65536 op, 1125842700.00 ns, 17.1790 us/op
WorkloadActual  67: 65536 op, 1094872200.00 ns, 16.7064 us/op
WorkloadActual  68: 65536 op, 1168724200.00 ns, 17.8333 us/op
WorkloadActual  69: 65536 op, 1130988800.00 ns, 17.2575 us/op
WorkloadActual  70: 65536 op, 1157979800.00 ns, 17.6694 us/op
WorkloadActual  71: 65536 op, 1134475100.00 ns, 17.3107 us/op
WorkloadActual  72: 65536 op, 1131590200.00 ns, 17.2667 us/op
WorkloadActual  73: 65536 op, 1113870600.00 ns, 16.9963 us/op
WorkloadActual  74: 65536 op, 1081463000.00 ns, 16.5018 us/op
WorkloadActual  75: 65536 op, 1082037300.00 ns, 16.5106 us/op
WorkloadActual  76: 65536 op, 1147334900.00 ns, 17.5069 us/op
WorkloadActual  77: 65536 op, 1174898100.00 ns, 17.9275 us/op
WorkloadActual  78: 65536 op, 1082598700.00 ns, 16.5191 us/op
WorkloadActual  79: 65536 op, 1121985500.00 ns, 17.1201 us/op
WorkloadActual  80: 65536 op, 1143007200.00 ns, 17.4409 us/op
WorkloadActual  81: 65536 op, 1153459300.00 ns, 17.6004 us/op
WorkloadActual  82: 65536 op, 1157296900.00 ns, 17.6589 us/op
WorkloadActual  83: 65536 op, 1095092200.00 ns, 16.7098 us/op
WorkloadActual  84: 65536 op, 1148532100.00 ns, 17.5252 us/op
WorkloadActual  85: 65536 op, 1149632500.00 ns, 17.5420 us/op
WorkloadActual  86: 65536 op, 1147434100.00 ns, 17.5085 us/op
WorkloadActual  87: 65536 op, 1136208200.00 ns, 17.3372 us/op
WorkloadActual  88: 65536 op, 1084732000.00 ns, 16.5517 us/op
WorkloadActual  89: 65536 op, 1084981700.00 ns, 16.5555 us/op
WorkloadActual  90: 65536 op, 1142909000.00 ns, 17.4394 us/op
WorkloadActual  91: 65536 op, 1091037600.00 ns, 16.6479 us/op
WorkloadActual  92: 65536 op, 1110272300.00 ns, 16.9414 us/op
WorkloadActual  93: 65536 op, 1117329800.00 ns, 17.0491 us/op
WorkloadActual  94: 65536 op, 1150105800.00 ns, 17.5492 us/op
WorkloadActual  95: 65536 op, 1088959100.00 ns, 16.6162 us/op
WorkloadActual  96: 65536 op, 1091506300.00 ns, 16.6551 us/op
WorkloadActual  97: 65536 op, 1200485700.00 ns, 18.3180 us/op
WorkloadActual  98: 65536 op, 1147410400.00 ns, 17.5081 us/op
WorkloadActual  99: 65536 op, 1199272200.00 ns, 18.2994 us/op
WorkloadActual  100: 65536 op, 1092445200.00 ns, 16.6694 us/op

// AfterActualRun
WorkloadResult   1: 65536 op, 1101499000.00 ns, 16.8075 us/op
WorkloadResult   2: 65536 op, 1086930800.00 ns, 16.5852 us/op
WorkloadResult   3: 65536 op, 1070645500.00 ns, 16.3368 us/op
WorkloadResult   4: 65536 op, 1266883400.00 ns, 19.3311 us/op
WorkloadResult   5: 65536 op, 1168072500.00 ns, 17.8234 us/op
WorkloadResult   6: 65536 op, 1204362100.00 ns, 18.3771 us/op
WorkloadResult   7: 65536 op, 1439019700.00 ns, 21.9577 us/op
WorkloadResult   8: 65536 op, 1213878000.00 ns, 18.5223 us/op
WorkloadResult   9: 65536 op, 1177961000.00 ns, 17.9743 us/op
WorkloadResult  10: 65536 op, 1336297600.00 ns, 20.3903 us/op
WorkloadResult  11: 65536 op, 1174149900.00 ns, 17.9161 us/op
WorkloadResult  12: 65536 op, 1125062200.00 ns, 17.1671 us/op
WorkloadResult  13: 65536 op, 1372791100.00 ns, 20.9471 us/op
WorkloadResult  14: 65536 op, 1120268900.00 ns, 17.0939 us/op
WorkloadResult  15: 65536 op, 1130472400.00 ns, 17.2496 us/op
WorkloadResult  16: 65536 op, 1455871700.00 ns, 22.2148 us/op
WorkloadResult  17: 65536 op, 1213156000.00 ns, 18.5113 us/op
WorkloadResult  18: 65536 op, 1040907000.00 ns, 15.8830 us/op
WorkloadResult  19: 65536 op, 1028789800.00 ns, 15.6981 us/op
WorkloadResult  20: 65536 op, 1018992100.00 ns, 15.5486 us/op
WorkloadResult  21: 65536 op, 1025922800.00 ns, 15.6543 us/op
WorkloadResult  22: 65536 op, 1025925800.00 ns, 15.6544 us/op
WorkloadResult  23: 65536 op, 1041849000.00 ns, 15.8974 us/op
WorkloadResult  24: 65536 op, 1115580500.00 ns, 17.0224 us/op
WorkloadResult  25: 65536 op, 1118269300.00 ns, 17.0634 us/op
WorkloadResult  26: 65536 op, 1083920100.00 ns, 16.5393 us/op
WorkloadResult  27: 65536 op, 1030084500.00 ns, 15.7178 us/op
WorkloadResult  28: 65536 op, 1020732400.00 ns, 15.5751 us/op
WorkloadResult  29: 65536 op, 1037026400.00 ns, 15.8238 us/op
WorkloadResult  30: 65536 op, 1044224400.00 ns, 15.9336 us/op
WorkloadResult  31: 65536 op, 1049653000.00 ns, 16.0164 us/op
WorkloadResult  32: 65536 op, 1037686100.00 ns, 15.8338 us/op
WorkloadResult  33: 65536 op, 1173874900.00 ns, 17.9119 us/op
WorkloadResult  34: 65536 op, 1513518700.00 ns, 23.0945 us/op
WorkloadResult  35: 65536 op, 1518536700.00 ns, 23.1710 us/op
WorkloadResult  36: 65536 op, 1503857000.00 ns, 22.9470 us/op
WorkloadResult  37: 65536 op, 1525437500.00 ns, 23.2763 us/op
WorkloadResult  38: 65536 op, 1541739100.00 ns, 23.5251 us/op
WorkloadResult  39: 65536 op, 1395985700.00 ns, 21.3011 us/op
WorkloadResult  40: 65536 op, 1499342000.00 ns, 22.8781 us/op
WorkloadResult  41: 65536 op, 1508312000.00 ns, 23.0150 us/op
WorkloadResult  42: 65536 op, 1503007600.00 ns, 22.9341 us/op
WorkloadResult  43: 65536 op, 1507267000.00 ns, 22.9991 us/op
WorkloadResult  44: 65536 op, 1438233500.00 ns, 21.9457 us/op
WorkloadResult  45: 65536 op, 1562813400.00 ns, 23.8466 us/op
WorkloadResult  46: 65536 op, 1491231600.00 ns, 22.7544 us/op
WorkloadResult  47: 65536 op, 1549625600.00 ns, 23.6454 us/op
WorkloadResult  48: 65536 op, 1417675800.00 ns, 21.6320 us/op
WorkloadResult  49: 65536 op, 1529787400.00 ns, 23.3427 us/op
WorkloadResult  50: 65536 op, 1459457900.00 ns, 22.2696 us/op
WorkloadResult  51: 65536 op, 1375345900.00 ns, 20.9861 us/op
WorkloadResult  52: 65536 op, 1546053200.00 ns, 23.5909 us/op
WorkloadResult  53: 65536 op, 1460047700.00 ns, 22.2786 us/op
WorkloadResult  54: 65536 op, 1509751700.00 ns, 23.0370 us/op
WorkloadResult  55: 65536 op, 1475859100.00 ns, 22.5198 us/op
WorkloadResult  56: 65536 op, 1536295700.00 ns, 23.4420 us/op
WorkloadResult  57: 65536 op, 1515331400.00 ns, 23.1221 us/op
WorkloadResult  58: 65536 op, 1490126300.00 ns, 22.7375 us/op
WorkloadResult  59: 65536 op, 1489272700.00 ns, 22.7245 us/op
WorkloadResult  60: 65536 op, 1493583600.00 ns, 22.7903 us/op
WorkloadResult  61: 65536 op, 1510012300.00 ns, 23.0410 us/op
WorkloadResult  62: 65536 op, 1483443600.00 ns, 22.6356 us/op
WorkloadResult  63: 65536 op, 1391351900.00 ns, 21.2303 us/op
WorkloadResult  64: 65536 op, 1514146500.00 ns, 23.1040 us/op
WorkloadResult  65: 65536 op, 1043694500.00 ns, 15.9255 us/op
WorkloadResult  66: 65536 op, 1125714600.00 ns, 17.1770 us/op
WorkloadResult  67: 65536 op, 1094744100.00 ns, 16.7045 us/op
WorkloadResult  68: 65536 op, 1168596100.00 ns, 17.8314 us/op
WorkloadResult  69: 65536 op, 1130860700.00 ns, 17.2556 us/op
WorkloadResult  70: 65536 op, 1157851700.00 ns, 17.6674 us/op
WorkloadResult  71: 65536 op, 1134347000.00 ns, 17.3088 us/op
WorkloadResult  72: 65536 op, 1131462100.00 ns, 17.2647 us/op
WorkloadResult  73: 65536 op, 1113742500.00 ns, 16.9944 us/op
WorkloadResult  74: 65536 op, 1081334900.00 ns, 16.4999 us/op
WorkloadResult  75: 65536 op, 1081909200.00 ns, 16.5086 us/op
WorkloadResult  76: 65536 op, 1147206800.00 ns, 17.5050 us/op
WorkloadResult  77: 65536 op, 1174770000.00 ns, 17.9256 us/op
WorkloadResult  78: 65536 op, 1082470600.00 ns, 16.5172 us/op
WorkloadResult  79: 65536 op, 1121857400.00 ns, 17.1182 us/op
WorkloadResult  80: 65536 op, 1142879100.00 ns, 17.4390 us/op
WorkloadResult  81: 65536 op, 1153331200.00 ns, 17.5984 us/op
WorkloadResult  82: 65536 op, 1157168800.00 ns, 17.6570 us/op
WorkloadResult  83: 65536 op, 1094964100.00 ns, 16.7078 us/op
WorkloadResult  84: 65536 op, 1148404000.00 ns, 17.5233 us/op
WorkloadResult  85: 65536 op, 1149504400.00 ns, 17.5400 us/op
WorkloadResult  86: 65536 op, 1147306000.00 ns, 17.5065 us/op
WorkloadResult  87: 65536 op, 1136080100.00 ns, 17.3352 us/op
WorkloadResult  88: 65536 op, 1084603900.00 ns, 16.5497 us/op
WorkloadResult  89: 65536 op, 1084853600.00 ns, 16.5536 us/op
WorkloadResult  90: 65536 op, 1142780900.00 ns, 17.4375 us/op
WorkloadResult  91: 65536 op, 1090909500.00 ns, 16.6460 us/op
WorkloadResult  92: 65536 op, 1110144200.00 ns, 16.9395 us/op
WorkloadResult  93: 65536 op, 1117201700.00 ns, 17.0471 us/op
WorkloadResult  94: 65536 op, 1149977700.00 ns, 17.5473 us/op
WorkloadResult  95: 65536 op, 1088831000.00 ns, 16.6142 us/op
WorkloadResult  96: 65536 op, 1091378200.00 ns, 16.6531 us/op
WorkloadResult  97: 65536 op, 1200357600.00 ns, 18.3160 us/op
WorkloadResult  98: 65536 op, 1147282300.00 ns, 17.5061 us/op
WorkloadResult  99: 65536 op, 1199144100.00 ns, 18.2975 us/op
WorkloadResult  100: 65536 op, 1092317100.00 ns, 16.6674 us/op
// GC:  334 0 0 5247598992 65536
// Threading:  0 0 65536

// AfterAll
// Benchmark Process 41832 has exited with code 0.

Mean = 18.971 μs, StdErr = 0.281 μs (1.48%), N = 100, StdDev = 2.813 μs
Min = 15.549 μs, Q1 = 16.695 μs, Median = 17.573 μs, Q3 = 22.272 μs, Max = 23.847 μs
IQR = 5.577 μs, LowerFence = 8.330 μs, UpperFence = 30.637 μs
ConfidenceInterval = [18.017 μs; 19.925 μs] (CI 99.9%), Margin = 0.954 μs (5.03% of Mean)
Skewness = 0.53, Kurtosis = 1.58, MValue = 3.16

// ** Remained 17 (94,4 %) benchmark(s) to run. Estimated finish 2026-05-29 20:31 (0h 38m from now) **
Setup power plan (GUID: 8c5e7fda-e8bf-4a96-9a85-a6e23a8c635c FriendlyName: Alto rendimiento)
// **************************
// Benchmark: PixelArtRendererBenchmarks.ToAnsiString_HalfTransparent: .NET 8.0(Runtime=.NET 8.0) [SpriteSize=32]
// *** Execute ***
// Launch: 1 / 1
// Execute: dotnet 913e12f9-05a9-42a1-b976-db90e1bd41c4.dll --anonymousPipes 1964 1600 --benchmarkName "ConsoleEngine.Benchmarks.PixelArtRendererBenchmarks.ToAnsiString_HalfTransparent(SpriteSize: 32)" --job ".NET 8.0" --benchmarkId 1 in C:\Users\maxli\ConsoleEngine\src\ConsoleEngine.Benchmarks\bin\Release\net8.0\913e12f9-05a9-42a1-b976-db90e1bd41c4\bin\Release\net8.0
// BeforeAnythingElse

// Benchmark Process Environment Information:
// BenchmarkDotNet v0.14.0
// Runtime=.NET 8.0.22 (8.0.2225.52707), X64 RyuJIT AVX2
// GC=Concurrent Workstation
// HardwareIntrinsics=AVX2,AES,BMI1,BMI2,FMA,LZCNT,PCLMUL,POPCNT,AvxVnni,SERIALIZE VectorSize=256
// Job: .NET 8.0

OverheadJitting  1: 1 op, 148500.00 ns, 148.5000 us/op
WorkloadJitting  1: 1 op, 1002100.00 ns, 1.0021 ms/op

OverheadJitting  2: 16 op, 247100.00 ns, 15.4438 us/op
WorkloadJitting  2: 16 op, 2609300.00 ns, 163.0813 us/op

WorkloadPilot    1: 16 op, 1829800.00 ns, 114.3625 us/op
WorkloadPilot    2: 32 op, 2813400.00 ns, 87.9188 us/op
WorkloadPilot    3: 64 op, 6343100.00 ns, 99.1109 us/op
WorkloadPilot    4: 128 op, 10836300.00 ns, 84.6586 us/op
WorkloadPilot    5: 256 op, 16255700.00 ns, 63.4988 us/op
WorkloadPilot    6: 512 op, 31094500.00 ns, 60.7314 us/op
WorkloadPilot    7: 1024 op, 61485400.00 ns, 60.0443 us/op
WorkloadPilot    8: 2048 op, 140991600.00 ns, 68.8436 us/op
WorkloadPilot    9: 4096 op, 45256000.00 ns, 11.0488 us/op
WorkloadPilot   10: 8192 op, 93223700.00 ns, 11.3798 us/op
WorkloadPilot   11: 16384 op, 196276600.00 ns, 11.9798 us/op
WorkloadPilot   12: 32768 op, 402445600.00 ns, 12.2817 us/op
WorkloadPilot   13: 65536 op, 829799800.00 ns, 12.6617 us/op

OverheadWarmup   1: 65536 op, 129400.00 ns, 1.9745 ns/op
OverheadWarmup   2: 65536 op, 128500.00 ns, 1.9608 ns/op
OverheadWarmup   3: 65536 op, 128500.00 ns, 1.9608 ns/op
OverheadWarmup   4: 65536 op, 128200.00 ns, 1.9562 ns/op
OverheadWarmup   5: 65536 op, 128700.00 ns, 1.9638 ns/op
OverheadWarmup   6: 65536 op, 127900.00 ns, 1.9516 ns/op

OverheadActual   1: 65536 op, 128300.00 ns, 1.9577 ns/op
OverheadActual   2: 65536 op, 136900.00 ns, 2.0889 ns/op
OverheadActual   3: 65536 op, 128500.00 ns, 1.9608 ns/op
OverheadActual   4: 65536 op, 127900.00 ns, 1.9516 ns/op
OverheadActual   5: 65536 op, 128100.00 ns, 1.9547 ns/op
OverheadActual   6: 65536 op, 127900.00 ns, 1.9516 ns/op
OverheadActual   7: 65536 op, 127800.00 ns, 1.9501 ns/op
OverheadActual   8: 65536 op, 128000.00 ns, 1.9531 ns/op
OverheadActual   9: 65536 op, 127700.00 ns, 1.9485 ns/op
OverheadActual  10: 65536 op, 127700.00 ns, 1.9485 ns/op
OverheadActual  11: 65536 op, 127800.00 ns, 1.9501 ns/op
OverheadActual  12: 65536 op, 127800.00 ns, 1.9501 ns/op
OverheadActual  13: 65536 op, 127800.00 ns, 1.9501 ns/op
OverheadActual  14: 65536 op, 127700.00 ns, 1.9485 ns/op
OverheadActual  15: 65536 op, 127900.00 ns, 1.9516 ns/op

WorkloadWarmup   1: 65536 op, 836582100.00 ns, 12.7652 us/op
WorkloadWarmup   2: 65536 op, 1010546300.00 ns, 15.4197 us/op
WorkloadWarmup   3: 65536 op, 1009155200.00 ns, 15.3985 us/op
WorkloadWarmup   4: 65536 op, 1561613900.00 ns, 23.8283 us/op
WorkloadWarmup   5: 65536 op, 1044041200.00 ns, 15.9308 us/op
WorkloadWarmup   6: 65536 op, 1057998000.00 ns, 16.1438 us/op

// BeforeActualRun
WorkloadActual   1: 65536 op, 1051237500.00 ns, 16.0406 us/op
WorkloadActual   2: 65536 op, 1352044300.00 ns, 20.6306 us/op
WorkloadActual   3: 65536 op, 1024650500.00 ns, 15.6349 us/op
WorkloadActual   4: 65536 op, 1052407900.00 ns, 16.0585 us/op
WorkloadActual   5